c:\users\דיסין רחל\source\repos\project1\project1\x64\debug\vc143.pdb
c:\users\דיסין רחל\source\repos\project1\project1\x64\debug\vc143.idb
c:\users\דיסין רחל\source\repos\project1\project1\x64\debug\privatesoldier.obj
c:\users\דיסין רחל\source\repos\project1\project1\x64\debug\officer.obj
c:\users\דיסין רחל\source\repos\project1\project1\x64\debug\main.obj
c:\users\דיסין רחל\source\repos\project1\project1\x64\debug\commander.obj
h:\project1\project1\x64\debug\vc143.pdb
h:\project1\project1\x64\debug\vc143.idb
h:\project1\project1\x64\debug\privatesoldier.obj
h:\project1\project1\x64\debug\officer.obj
h:\project1\project1\x64\debug\main.obj
h:\project1\project1\x64\debug\commander.obj
h:\project1\x64\debug\project1.pdb
h:\project1\project1\x64\debug\project1.tlog\cl.command.1.tlog
h:\project1\project1\x64\debug\project1.tlog\cl.read.1.tlog
h:\project1\project1\x64\debug\project1.tlog\cl.write.1.tlog
h:\project1\project1\x64\debug\project1.tlog\link-cvtres.read.1.tlog
h:\project1\project1\x64\debug\project1.tlog\link-cvtres.write.1.tlog
h:\project1\project1\x64\debug\project1.tlog\link-rc.read.1.tlog
h:\project1\project1\x64\debug\project1.tlog\link-rc.write.1.tlog
h:\project1\project1\x64\debug\project1.tlog\link.command.1.tlog
h:\project1\project1\x64\debug\project1.tlog\link.read.1.tlog
h:\project1\project1\x64\debug\project1.tlog\link.read.2.tlog
h:\project1\project1\x64\debug\project1.tlog\link.write.1.tlog
